# measurement-reserved.out — harness/reserved_check.py over core's OWN tree
# Taken at 3fd713c on worker/core-reserved-tombstone-01, before any fix in
# this packet. The brief asked for it: a checker that has only ever met fixtures
# built to trip it has never answered "does my repository pass?".
#
$ ./harness/bin/reserved-check .
FAIL reserved.declaration-unreadable: harness/tests/fixtures/reserved-properties/unreadable/billing/cafaye.yml: this manifest could not be read, so its tombstones were not checked — yaml.unsupported at harness/tests/fixtures/reserved-properties/unreadable/billing/cafaye.yml:32: this line is not part of the block above it
    fix: run: python3 harness/bin/reserved-check <root> --explain, and fix the file and line it names; a tombstone nobody can read reserves nothing
FAIL reserved.declaration-unreadable: harness/tests/fixtures/unsupported-yaml/cafaye.yml: this manifest could not be read, so its tombstones were not checked — yaml.unsupported at harness/tests/fixtures/unsupported-yaml/cafaye.yml:42: anchors are not read
    fix: run: python3 harness/bin/reserved-check <root> --explain, and fix the file and line it names; a tombstone nobody can read reserves nothing
FAIL reserved.surface-missing: reserved-properties.cafaye.yml reserves 'locale' from 'schemas/events/identity/user/created.schema.json', which is not a contract document this checker can read property names out of, so the reservation could not be checked in either direction
    fix: point removedFrom at a surface that exists (an event type whose payload schema is in schemas/events/, or a components schema path in this repository), or delete the entry: as written it blocks a legitimate future field with that name forever and reports nothing while it does
FAIL reserved.surface-missing: reserved-properties.cafaye.yml reserves 'account_ids' from 'schemas/events/identity/user/created.schema.json', which is not a contract document this checker can read property names out of, so the reservation could not be checked in either direction
    fix: point removedFrom at a surface that exists (an event type whose payload schema is in schemas/events/, or a components schema path in this repository), or delete the entry: as written it blocks a legitimate future field with that name forever and reports nothing while it does
FAIL reserved.surface-missing: cafaye.yml reserves 'invoice_id' from 'billing.invoice.created', which is not a contract in this checkout under either spelling (an event type with a payload schema at schemas/events/, or a path relative to .). Nothing was removed from a surface that does not exist, so the name is not reserved and a future field with it would be blocked by an entry nobody can audit
    fix: point removedFrom at a surface that exists (an event type whose payload schema is in schemas/events/, or a components schema path in this repository), or delete the entry: as written it blocks a legitimate future field with that name forever and reports nothing while it does
FAIL reserved.surface-missing: cafaye.yml reserves 'invoice_id' from 'billing.invoice.created', which is not a contract in this checkout under either spelling (an event type with a payload schema at schemas/events/, or a path relative to .). Nothing was removed from a surface that does not exist, so the name is not reserved and a future field with it would be blocked by an entry nobody can audit
    fix: point removedFrom at a surface that exists (an event type whose payload schema is in schemas/events/, or a components schema path in this repository), or delete the entry: as written it blocks a legitimate future field with that name forever and reports nothing while it does
FAIL reserved.surface-missing: cafaye.yml reserves 'invoice_id' from 'billing.invoice.created', which is not a contract in this checkout under either spelling (an event type with a payload schema at schemas/events/, or a path relative to .). Nothing was removed from a surface that does not exist, so the name is not reserved and a future field with it would be blocked by an entry nobody can audit
    fix: point removedFrom at a surface that exists (an event type whose payload schema is in schemas/events/, or a components schema path in this repository), or delete the entry: as written it blocks a legitimate future field with that name forever and reports nothing while it does
FAIL reserved.surface-missing: cafaye.yml reserves 'invoice_id' from 'billing.invoice.paid', which is not a contract in this checkout under either spelling (an event type with a payload schema at schemas/events/, or a path relative to .). Nothing was removed from a surface that does not exist, so the name is not reserved and a future field with it would be blocked by an entry nobody can audit
    fix: point removedFrom at a surface that exists (an event type whose payload schema is in schemas/events/, or a components schema path in this repository), or delete the entry: as written it blocks a legitimate future field with that name forever and reports nothing while it does
FAIL .: 8 failure(s)
exit=1
